AR mux4x1 structural /home/ck/Documents/Master_TUM/WS_1819/VHDL/rcs2/mux4x1.vhd sub00/vhpl01 1547478755
EN rxcver NULL /home/ck/Documents/Master_TUM/WS_1819/VHDL/rcs2/rxcver.vhd sub00/vhpl24 1547478770
AR idea_com_inner behavioral /home/ck/Documents/Master_TUM/WS_1819/VHDL/rcs2/idea_com_inner.vhd sub00/vhpl33 1547478779
AR clk_div behavioral /home/ck/Documents/Master_TUM/WS_1819/VHDL/rcs2/clk_div.vhd sub00/vhpl31 1547478777
EN roundcounter NULL /home/ck/Documents/Master_TUM/WS_1819/VHDL/rcs2/roundcounter.vhd sub00/vhpl18 1547478764
AR addop behavioral /home/ck/Documents/Master_TUM/WS_1819/VHDL/rcs2/addop.vhd sub00/vhpl07 1547478749
EN mulop NULL /home/ck/Documents/Master_TUM/WS_1819/VHDL/rcs2/mulop.vhd sub00/vhpl04 1547478746
AR idea_rcs2 structural /home/ck/Documents/Master_TUM/WS_1819/VHDL/rcs2/idea_rcs2.vhd sub00/vhpl29 1547478775
EN datapath NULL /home/ck/Documents/Master_TUM/WS_1819/VHDL/rcs2/datapath.vhd sub00/vhpl12 1547478756
AR keygen structural /home/ck/Documents/Master_TUM/WS_1819/VHDL/rcs2/keygen.vhd sub00/vhpl17 1547478763
EN addop NULL /home/ck/Documents/Master_TUM/WS_1819/VHDL/rcs2/addop.vhd sub00/vhpl06 1547478748
AR roundcounter behavioral /home/ck/Documents/Master_TUM/WS_1819/VHDL/rcs2/roundcounter.vhd sub00/vhpl19 1547478765
EN mux2x1 NULL /home/ck/Documents/Master_TUM/WS_1819/VHDL/rcs2/mux2x1.vhd sub00/vhpl14 1547478760
EN idea_com NULL /home/ck/Documents/Master_TUM/WS_1819/VHDL/rcs2/idea_com.vhd sub00/vhpl34 1547478780
EN idea_rcs2 NULL /home/ck/Documents/Master_TUM/WS_1819/VHDL/rcs2/idea_rcs2.vhd sub00/vhpl28 1547478774
AR reg structural /home/ck/Documents/Master_TUM/WS_1819/VHDL/rcs2/reg.vhd sub00/vhpl11 1547478753
EN keygen NULL /home/ck/Documents/Master_TUM/WS_1819/VHDL/rcs2/keygen.vhd sub00/vhpl16 1547478762
AR uart behavior /home/ck/Documents/Master_TUM/WS_1819/VHDL/rcs2/uart.vhd sub00/vhpl27 1547478773
AR rxcver behavior /home/ck/Documents/Master_TUM/WS_1819/VHDL/rcs2/rxcver.vhd sub00/vhpl25 1547478771
AR txmit behavior /home/ck/Documents/Master_TUM/WS_1819/VHDL/rcs2/txmit.vhd sub00/vhpl23 1547478769
EN mux4x1 NULL /home/ck/Documents/Master_TUM/WS_1819/VHDL/rcs2/mux4x1.vhd sub00/vhpl00 1547478754
AR idea_com behavioral /home/ck/Documents/Master_TUM/WS_1819/VHDL/rcs2/idea_com.vhd sub00/vhpl35 1547478781
AR mux2x1 structural /home/ck/Documents/Master_TUM/WS_1819/VHDL/rcs2/mux2x1.vhd sub00/vhpl15 1547478761
EN xorop NULL /home/ck/Documents/Master_TUM/WS_1819/VHDL/rcs2/xorop.vhd sub00/vhpl08 1547478750
EN control NULL /home/ck/Documents/Master_TUM/WS_1819/VHDL/rcs2/control.vhd sub00/vhpl02 1547478758
AR mulop behavioral /home/ck/Documents/Master_TUM/WS_1819/VHDL/rcs2/mulop.vhd sub00/vhpl05 1547478747
EN txmit NULL /home/ck/Documents/Master_TUM/WS_1819/VHDL/rcs2/txmit.vhd sub00/vhpl22 1547478768
AR control behavioral /home/ck/Documents/Master_TUM/WS_1819/VHDL/rcs2/control.vhd sub00/vhpl03 1547478759
AR datapath behavioral /home/ck/Documents/Master_TUM/WS_1819/VHDL/rcs2/datapath.vhd sub00/vhpl13 1547478757
EN uart NULL /home/ck/Documents/Master_TUM/WS_1819/VHDL/rcs2/uart.vhd sub00/vhpl26 1547478772
EN clockedround NULL /home/ck/Documents/Master_TUM/WS_1819/VHDL/rcs2/clockedround.vhd sub00/vhpl20 1547478766
EN reg NULL /home/ck/Documents/Master_TUM/WS_1819/VHDL/rcs2/reg.vhd sub00/vhpl10 1547478752
EN clk_div NULL /home/ck/Documents/Master_TUM/WS_1819/VHDL/rcs2/clk_div.vhd sub00/vhpl30 1547478776
AR xorop behavioral /home/ck/Documents/Master_TUM/WS_1819/VHDL/rcs2/xorop.vhd sub00/vhpl09 1547478751
AR clockedround structural /home/ck/Documents/Master_TUM/WS_1819/VHDL/rcs2/clockedround.vhd sub00/vhpl21 1547478767
EN idea_com_inner NULL /home/ck/Documents/Master_TUM/WS_1819/VHDL/rcs2/idea_com_inner.vhd sub00/vhpl32 1547478778
