AR mux4x1 structural /home/ck/Documents/Master_TUM/WS_1819/VHDL/rcs2/mux4x1.vhd sub00/vhpl01 1547295337
EN mux4x1 NULL /home/ck/Documents/Master_TUM/WS_1819/VHDL/rcs2/mux4x1.vhd sub00/vhpl00 1547295336
EN control NULL /home/ck/Documents/Master_TUM/WS_1819/VHDL/rcs2/control.vhd sub00/vhpl02 1547296776
AR control behavioral /home/ck/Documents/Master_TUM/WS_1819/VHDL/rcs2/control.vhd sub00/vhpl03 1547296777
