AR mux4x1 structural /home/ck/Documents/Master_TUM/WS_1819/VHDL/rcs2/mux4x1.vhd sub00/vhpl01 1547380860
EN mux4x1 NULL /home/ck/Documents/Master_TUM/WS_1819/VHDL/rcs2/mux4x1.vhd sub00/vhpl00 1547380859
EN control NULL /home/ck/Documents/Master_TUM/WS_1819/VHDL/rcs2/control.vhd sub00/vhpl02 1547390544
AR control behavioral /home/ck/Documents/Master_TUM/WS_1819/VHDL/rcs2/control.vhd sub00/vhpl03 1547296777
