V3 71
FL /home/ck/Documents/Master_TUM/WS_1819/VHDL/rcs2/addop.vhd 2019/01/12.15:48:17 P.20131013
EN work/addop 1547478748 \
      FL /home/ck/Documents/Master_TUM/WS_1819/VHDL/rcs2/addop.vhd \
      PB ieee/std_logic_1164 1381692176 PB ieee/STD_LOGIC_UNSIGNED 1381692179 \
      PB ieee/NUMERIC_STD 1381692181
AR work/addop/Behavioral 1547478749 \
      FL /home/ck/Documents/Master_TUM/WS_1819/VHDL/rcs2/addop.vhd EN work/addop 1547478748
FL /home/ck/Documents/Master_TUM/WS_1819/VHDL/rcs2/clk_div.vhd 2018/05/30.14:29:28 P.20131013
EN work/clk_div 1547478776 \
      FL /home/ck/Documents/Master_TUM/WS_1819/VHDL/rcs2/clk_div.vhd \
      PB ieee/std_logic_1164 1381692176 PB ieee/std_logic_arith 1381692177 \
      PB ieee/STD_LOGIC_UNSIGNED 1381692179
AR work/clk_div/Behavioral 1547478777 \
      FL /home/ck/Documents/Master_TUM/WS_1819/VHDL/rcs2/clk_div.vhd \
      EN work/clk_div 1547478776
FL /home/ck/Documents/Master_TUM/WS_1819/VHDL/rcs2/clockedround.vhd 2019/01/14.11:42:45 P.20131013
EN work/clockedround 1547478766 \
      FL /home/ck/Documents/Master_TUM/WS_1819/VHDL/rcs2/clockedround.vhd \
      PB ieee/std_logic_1164 1381692176
AR work/clockedround/Structural 1547478767 \
      FL /home/ck/Documents/Master_TUM/WS_1819/VHDL/rcs2/clockedround.vhd \
      EN work/clockedround 1547478766 CP datapath CP control
FL /home/ck/Documents/Master_TUM/WS_1819/VHDL/rcs2/control.vhd 2019/01/14.16:11:55 P.20131013
EN work/control 1547478758 \
      FL /home/ck/Documents/Master_TUM/WS_1819/VHDL/rcs2/control.vhd \
      PB ieee/std_logic_1164 1381692176 PB ieee/NUMERIC_STD 1381692181
AR work/control/Behavioral 1547478759 \
      FL /home/ck/Documents/Master_TUM/WS_1819/VHDL/rcs2/control.vhd \
      EN work/control 1547478758
FL /home/ck/Documents/Master_TUM/WS_1819/VHDL/rcs2/datapath.vhd 2019/01/13.17:00:39 P.20131013
EN work/datapath 1547478756 \
      FL /home/ck/Documents/Master_TUM/WS_1819/VHDL/rcs2/datapath.vhd \
      PB ieee/std_logic_1164 1381692176
AR work/datapath/Behavioral 1547478757 \
      FL /home/ck/Documents/Master_TUM/WS_1819/VHDL/rcs2/datapath.vhd \
      EN work/datapath 1547478756 CP mulop CP addop CP xorop CP reg CP mux4x1
FL /home/ck/Documents/Master_TUM/WS_1819/VHDL/rcs2/idea_com.vhd 2018/05/30.14:29:28 P.20131013
EN work/idea_com 1547478780 \
      FL /home/ck/Documents/Master_TUM/WS_1819/VHDL/rcs2/idea_com.vhd \
      PB ieee/std_logic_1164 1381692176 PB ieee/std_logic_arith 1381692177 \
      PB ieee/STD_LOGIC_UNSIGNED 1381692179
AR work/idea_com/Behavioral 1547478781 \
      FL /home/ck/Documents/Master_TUM/WS_1819/VHDL/rcs2/idea_com.vhd \
      EN work/idea_com 1547478780 CP clk_div CP idea_com_inner
FL /home/ck/Documents/Master_TUM/WS_1819/VHDL/rcs2/idea_com_inner.vhd 2018/05/30.14:29:28 P.20131013
EN work/idea_com_inner 1547478778 \
      FL /home/ck/Documents/Master_TUM/WS_1819/VHDL/rcs2/idea_com_inner.vhd \
      PB ieee/std_logic_1164 1381692176 PB ieee/std_logic_arith 1381692177 \
      PB ieee/STD_LOGIC_UNSIGNED 1381692179
AR work/idea_com_inner/Behavioral 1547478779 \
      FL /home/ck/Documents/Master_TUM/WS_1819/VHDL/rcs2/idea_com_inner.vhd \
      EN work/idea_com_inner 1547478778 CP uart CP idea_rcs2 CP mux2x1
FL /home/ck/Documents/Master_TUM/WS_1819/VHDL/rcs2/idea_rcs2.vhd 2019/01/14.13:40:40 P.20131013
EN work/idea_rcs2 1547478774 \
      FL /home/ck/Documents/Master_TUM/WS_1819/VHDL/rcs2/idea_rcs2.vhd \
      PB ieee/std_logic_1164 1381692176
AR work/idea_rcs2/Structural 1547478775 \
      FL /home/ck/Documents/Master_TUM/WS_1819/VHDL/rcs2/idea_rcs2.vhd \
      EN work/idea_rcs2 1547478774 CP reg CP mux2x1 CP keygen CP roundcounter \
      CP clockedround
FL /home/ck/Documents/Master_TUM/WS_1819/VHDL/rcs2/keygen.vhd 2019/01/13.17:29:24 P.20131013
EN work/keygen 1547478762 \
      FL /home/ck/Documents/Master_TUM/WS_1819/VHDL/rcs2/keygen.vhd \
      PB ieee/std_logic_1164 1381692176 PB ieee/std_logic_arith 1381692177 \
      PB ieee/STD_LOGIC_UNSIGNED 1381692179 PB ieee/NUMERIC_STD 1381692181
AR work/keygen/Structural 1547478763 \
      FL /home/ck/Documents/Master_TUM/WS_1819/VHDL/rcs2/keygen.vhd \
      EN work/keygen 1547478762
FL /home/ck/Documents/Master_TUM/WS_1819/VHDL/rcs2/mulop.vhd 2019/01/12.15:48:17 P.20131013
EN work/mulop 1547478746 \
      FL /home/ck/Documents/Master_TUM/WS_1819/VHDL/rcs2/mulop.vhd \
      PB ieee/std_logic_1164 1381692176 PB ieee/std_logic_arith 1381692177 \
      PB ieee/STD_LOGIC_UNSIGNED 1381692179 PB ieee/NUMERIC_STD 1381692181
AR work/mulop/Behavioral 1547478747 \
      FL /home/ck/Documents/Master_TUM/WS_1819/VHDL/rcs2/mulop.vhd EN work/mulop 1547478746
FL /home/ck/Documents/Master_TUM/WS_1819/VHDL/rcs2/mux2x1.vhd 2019/01/12.18:18:19 P.20131013
EN work/mux2x1 1547478760 \
      FL /home/ck/Documents/Master_TUM/WS_1819/VHDL/rcs2/mux2x1.vhd \
      PB ieee/std_logic_1164 1381692176
AR work/mux2x1/Structural 1547478761 \
      FL /home/ck/Documents/Master_TUM/WS_1819/VHDL/rcs2/mux2x1.vhd \
      EN work/mux2x1 1547478760
FL /home/ck/Documents/Master_TUM/WS_1819/VHDL/rcs2/mux4x1.vhd 2019/01/13.13:00:55 P.20131013
EN work/mux4x1 1547478754 \
      FL /home/ck/Documents/Master_TUM/WS_1819/VHDL/rcs2/mux4x1.vhd \
      PB ieee/std_logic_1164 1381692176
AR work/mux4x1/Structural 1547478755 \
      FL /home/ck/Documents/Master_TUM/WS_1819/VHDL/rcs2/mux4x1.vhd \
      EN work/mux4x1 1547478754
FL /home/ck/Documents/Master_TUM/WS_1819/VHDL/rcs2/reg.vhd 2019/01/12.14:06:59 P.20131013
EN work/reg 1547478752 FL /home/ck/Documents/Master_TUM/WS_1819/VHDL/rcs2/reg.vhd \
      PB ieee/std_logic_1164 1381692176
AR work/reg/Structural 1547478753 \
      FL /home/ck/Documents/Master_TUM/WS_1819/VHDL/rcs2/reg.vhd EN work/reg 1547478752
FL /home/ck/Documents/Master_TUM/WS_1819/VHDL/rcs2/roundcounter.vhd 2019/01/14.14:15:28 P.20131013
EN work/roundcounter 1547478764 \
      FL /home/ck/Documents/Master_TUM/WS_1819/VHDL/rcs2/roundcounter.vhd \
      PB ieee/std_logic_1164 1381692176 PB ieee/STD_LOGIC_UNSIGNED 1381692179
AR work/roundcounter/Behavioral 1547478765 \
      FL /home/ck/Documents/Master_TUM/WS_1819/VHDL/rcs2/roundcounter.vhd \
      EN work/roundcounter 1547478764
FL /home/ck/Documents/Master_TUM/WS_1819/VHDL/rcs2/rxcver.vhd 2018/05/30.14:29:28 P.20131013
EN work/rxcver 1547478770 \
      FL /home/ck/Documents/Master_TUM/WS_1819/VHDL/rcs2/rxcver.vhd \
      PB ieee/std_logic_1164 1381692176 PB ieee/std_logic_arith 1381692177 \
      PB ieee/std_logic_misc 1381692178 PB ieee/STD_LOGIC_UNSIGNED 1381692179
AR work/rxcver/behavior 1547478771 \
      FL /home/ck/Documents/Master_TUM/WS_1819/VHDL/rcs2/rxcver.vhd \
      EN work/rxcver 1547478770
FL /home/ck/Documents/Master_TUM/WS_1819/VHDL/rcs2/txmit.vhd 2018/05/30.14:29:28 P.20131013
EN work/txmit 1547478768 \
      FL /home/ck/Documents/Master_TUM/WS_1819/VHDL/rcs2/txmit.vhd \
      PB ieee/std_logic_1164 1381692176 PB ieee/std_logic_arith 1381692177 \
      PB ieee/std_logic_misc 1381692178 PB ieee/STD_LOGIC_UNSIGNED 1381692179
AR work/txmit/behavior 1547478769 \
      FL /home/ck/Documents/Master_TUM/WS_1819/VHDL/rcs2/txmit.vhd EN work/txmit 1547478768
FL /home/ck/Documents/Master_TUM/WS_1819/VHDL/rcs2/uart.vhd 2018/05/30.14:29:28 P.20131013
EN work/uart 1547478772 \
      FL /home/ck/Documents/Master_TUM/WS_1819/VHDL/rcs2/uart.vhd \
      PB ieee/std_logic_1164 1381692176 PB ieee/std_logic_arith 1381692177 \
      PB ieee/std_logic_misc 1381692178 PB ieee/STD_LOGIC_UNSIGNED 1381692179
AR work/uart/behavior 1547478773 \
      FL /home/ck/Documents/Master_TUM/WS_1819/VHDL/rcs2/uart.vhd EN work/uart 1547478772 \
      CP txmit CP rxcver
FL /home/ck/Documents/Master_TUM/WS_1819/VHDL/rcs2/xorop.vhd 2019/01/12.15:48:17 P.20131013
EN work/xorop 1547478750 \
      FL /home/ck/Documents/Master_TUM/WS_1819/VHDL/rcs2/xorop.vhd \
      PB ieee/std_logic_1164 1381692176
AR work/xorop/Behavioral 1547478751 \
      FL /home/ck/Documents/Master_TUM/WS_1819/VHDL/rcs2/xorop.vhd EN work/xorop 1547478750
