V3 71
FL /home/ck/Documents/Master_TUM/WS_1819/VHDL/rcs2/addop.vhd 2019/01/12.15:48:17 P.20131013
EN work/addop 1549299338 \
      FL /home/ck/Documents/Master_TUM/WS_1819/VHDL/rcs2/addop.vhd \
      PB ieee/std_logic_1164 1381692176 PB ieee/STD_LOGIC_UNSIGNED 1381692179 \
      PB ieee/NUMERIC_STD 1381692181
AR work/addop/Behavioral 1549299339 \
      FL /home/ck/Documents/Master_TUM/WS_1819/VHDL/rcs2/addop.vhd EN work/addop 1549299338
FL /home/ck/Documents/Master_TUM/WS_1819/VHDL/rcs2/clk_div.vhd 2018/05/30.14:29:28 P.20131013
EN work/clk_div 1549299366 \
      FL /home/ck/Documents/Master_TUM/WS_1819/VHDL/rcs2/clk_div.vhd \
      PB ieee/std_logic_1164 1381692176 PB ieee/std_logic_arith 1381692177 \
      PB ieee/STD_LOGIC_UNSIGNED 1381692179
AR work/clk_div/Behavioral 1549299367 \
      FL /home/ck/Documents/Master_TUM/WS_1819/VHDL/rcs2/clk_div.vhd \
      EN work/clk_div 1549299366
FL /home/ck/Documents/Master_TUM/WS_1819/VHDL/rcs2/clockedround.vhd 2019/01/14.11:42:45 P.20131013
EN work/clockedround 1549299356 \
      FL /home/ck/Documents/Master_TUM/WS_1819/VHDL/rcs2/clockedround.vhd \
      PB ieee/std_logic_1164 1381692176
AR work/clockedround/Structural 1549299357 \
      FL /home/ck/Documents/Master_TUM/WS_1819/VHDL/rcs2/clockedround.vhd \
      EN work/clockedround 1549299356 CP datapath CP control
FL /home/ck/Documents/Master_TUM/WS_1819/VHDL/rcs2/control.vhd 2019/01/14.16:11:55 P.20131013
EN work/control 1549299348 \
      FL /home/ck/Documents/Master_TUM/WS_1819/VHDL/rcs2/control.vhd \
      PB ieee/std_logic_1164 1381692176 PB ieee/NUMERIC_STD 1381692181
AR work/control/Behavioral 1549299349 \
      FL /home/ck/Documents/Master_TUM/WS_1819/VHDL/rcs2/control.vhd \
      EN work/control 1549299348
FL /home/ck/Documents/Master_TUM/WS_1819/VHDL/rcs2/datapath.vhd 2019/01/13.17:00:39 P.20131013
EN work/datapath 1549299346 \
      FL /home/ck/Documents/Master_TUM/WS_1819/VHDL/rcs2/datapath.vhd \
      PB ieee/std_logic_1164 1381692176
AR work/datapath/Behavioral 1549299347 \
      FL /home/ck/Documents/Master_TUM/WS_1819/VHDL/rcs2/datapath.vhd \
      EN work/datapath 1549299346 CP mulop CP addop CP xorop CP reg CP mux4x1
FL /home/ck/Documents/Master_TUM/WS_1819/VHDL/rcs2/idea_com.vhd 2018/05/30.14:29:28 P.20131013
EN work/idea_com 1549299370 \
      FL /home/ck/Documents/Master_TUM/WS_1819/VHDL/rcs2/idea_com.vhd \
      PB ieee/std_logic_1164 1381692176 PB ieee/std_logic_arith 1381692177 \
      PB ieee/STD_LOGIC_UNSIGNED 1381692179
AR work/idea_com/Behavioral 1549299371 \
      FL /home/ck/Documents/Master_TUM/WS_1819/VHDL/rcs2/idea_com.vhd \
      EN work/idea_com 1549299370 CP clk_div CP idea_com_inner
FL /home/ck/Documents/Master_TUM/WS_1819/VHDL/rcs2/idea_com_inner.vhd 2018/05/30.14:29:28 P.20131013
EN work/idea_com_inner 1549299368 \
      FL /home/ck/Documents/Master_TUM/WS_1819/VHDL/rcs2/idea_com_inner.vhd \
      PB ieee/std_logic_1164 1381692176 PB ieee/std_logic_arith 1381692177 \
      PB ieee/STD_LOGIC_UNSIGNED 1381692179
AR work/idea_com_inner/Behavioral 1549299369 \
      FL /home/ck/Documents/Master_TUM/WS_1819/VHDL/rcs2/idea_com_inner.vhd \
      EN work/idea_com_inner 1549299368 CP uart CP idea_rcs2 CP mux2x1
FL /home/ck/Documents/Master_TUM/WS_1819/VHDL/rcs2/idea_rcs2.vhd 2019/01/14.13:40:40 P.20131013
EN work/idea_rcs2 1549299364 \
      FL /home/ck/Documents/Master_TUM/WS_1819/VHDL/rcs2/idea_rcs2.vhd \
      PB ieee/std_logic_1164 1381692176
AR work/idea_rcs2/Structural 1549299365 \
      FL /home/ck/Documents/Master_TUM/WS_1819/VHDL/rcs2/idea_rcs2.vhd \
      EN work/idea_rcs2 1549299364 CP reg CP mux2x1 CP keygen CP roundcounter \
      CP clockedround
FL /home/ck/Documents/Master_TUM/WS_1819/VHDL/rcs2/keygen.vhd 2019/01/13.17:29:24 P.20131013
EN work/keygen 1549299352 \
      FL /home/ck/Documents/Master_TUM/WS_1819/VHDL/rcs2/keygen.vhd \
      PB ieee/std_logic_1164 1381692176 PB ieee/std_logic_arith 1381692177 \
      PB ieee/STD_LOGIC_UNSIGNED 1381692179 PB ieee/NUMERIC_STD 1381692181
AR work/keygen/Structural 1549299353 \
      FL /home/ck/Documents/Master_TUM/WS_1819/VHDL/rcs2/keygen.vhd \
      EN work/keygen 1549299352
FL /home/ck/Documents/Master_TUM/WS_1819/VHDL/rcs2/mulop.vhd 2019/01/12.15:48:17 P.20131013
EN work/mulop 1549299336 \
      FL /home/ck/Documents/Master_TUM/WS_1819/VHDL/rcs2/mulop.vhd \
      PB ieee/std_logic_1164 1381692176 PB ieee/std_logic_arith 1381692177 \
      PB ieee/STD_LOGIC_UNSIGNED 1381692179 PB ieee/NUMERIC_STD 1381692181
AR work/mulop/Behavioral 1549299337 \
      FL /home/ck/Documents/Master_TUM/WS_1819/VHDL/rcs2/mulop.vhd EN work/mulop 1549299336
FL /home/ck/Documents/Master_TUM/WS_1819/VHDL/rcs2/mux2x1.vhd 2019/01/12.18:18:19 P.20131013
EN work/mux2x1 1549299350 \
      FL /home/ck/Documents/Master_TUM/WS_1819/VHDL/rcs2/mux2x1.vhd \
      PB ieee/std_logic_1164 1381692176
AR work/mux2x1/Structural 1549299351 \
      FL /home/ck/Documents/Master_TUM/WS_1819/VHDL/rcs2/mux2x1.vhd \
      EN work/mux2x1 1549299350
FL /home/ck/Documents/Master_TUM/WS_1819/VHDL/rcs2/mux4x1.vhd 2019/01/13.13:00:55 P.20131013
EN work/mux4x1 1549299344 \
      FL /home/ck/Documents/Master_TUM/WS_1819/VHDL/rcs2/mux4x1.vhd \
      PB ieee/std_logic_1164 1381692176
AR work/mux4x1/Structural 1549299345 \
      FL /home/ck/Documents/Master_TUM/WS_1819/VHDL/rcs2/mux4x1.vhd \
      EN work/mux4x1 1549299344
FL /home/ck/Documents/Master_TUM/WS_1819/VHDL/rcs2/reg.vhd 2019/01/12.14:06:59 P.20131013
EN work/reg 1549299342 FL /home/ck/Documents/Master_TUM/WS_1819/VHDL/rcs2/reg.vhd \
      PB ieee/std_logic_1164 1381692176
AR work/reg/Structural 1549299343 \
      FL /home/ck/Documents/Master_TUM/WS_1819/VHDL/rcs2/reg.vhd EN work/reg 1549299342
FL /home/ck/Documents/Master_TUM/WS_1819/VHDL/rcs2/roundcounter.vhd 2019/01/14.18:26:08 P.20131013
EN work/roundcounter 1549299354 \
      FL /home/ck/Documents/Master_TUM/WS_1819/VHDL/rcs2/roundcounter.vhd \
      PB ieee/std_logic_1164 1381692176 PB ieee/STD_LOGIC_UNSIGNED 1381692179
AR work/roundcounter/Behavioral 1549299355 \
      FL /home/ck/Documents/Master_TUM/WS_1819/VHDL/rcs2/roundcounter.vhd \
      EN work/roundcounter 1549299354
FL /home/ck/Documents/Master_TUM/WS_1819/VHDL/rcs2/rxcver.vhd 2018/05/30.14:29:28 P.20131013
EN work/rxcver 1549299360 \
      FL /home/ck/Documents/Master_TUM/WS_1819/VHDL/rcs2/rxcver.vhd \
      PB ieee/std_logic_1164 1381692176 PB ieee/std_logic_arith 1381692177 \
      PB ieee/std_logic_misc 1381692178 PB ieee/STD_LOGIC_UNSIGNED 1381692179
AR work/rxcver/behavior 1549299361 \
      FL /home/ck/Documents/Master_TUM/WS_1819/VHDL/rcs2/rxcver.vhd \
      EN work/rxcver 1549299360
FL /home/ck/Documents/Master_TUM/WS_1819/VHDL/rcs2/txmit.vhd 2018/05/30.14:29:28 P.20131013
EN work/txmit 1549299358 \
      FL /home/ck/Documents/Master_TUM/WS_1819/VHDL/rcs2/txmit.vhd \
      PB ieee/std_logic_1164 1381692176 PB ieee/std_logic_arith 1381692177 \
      PB ieee/std_logic_misc 1381692178 PB ieee/STD_LOGIC_UNSIGNED 1381692179
AR work/txmit/behavior 1549299359 \
      FL /home/ck/Documents/Master_TUM/WS_1819/VHDL/rcs2/txmit.vhd EN work/txmit 1549299358
FL /home/ck/Documents/Master_TUM/WS_1819/VHDL/rcs2/uart.vhd 2018/05/30.14:29:28 P.20131013
EN work/uart 1549299362 \
      FL /home/ck/Documents/Master_TUM/WS_1819/VHDL/rcs2/uart.vhd \
      PB ieee/std_logic_1164 1381692176 PB ieee/std_logic_arith 1381692177 \
      PB ieee/std_logic_misc 1381692178 PB ieee/STD_LOGIC_UNSIGNED 1381692179
AR work/uart/behavior 1549299363 \
      FL /home/ck/Documents/Master_TUM/WS_1819/VHDL/rcs2/uart.vhd EN work/uart 1549299362 \
      CP txmit CP rxcver
FL /home/ck/Documents/Master_TUM/WS_1819/VHDL/rcs2/xorop.vhd 2019/01/12.15:48:17 P.20131013
EN work/xorop 1549299340 \
      FL /home/ck/Documents/Master_TUM/WS_1819/VHDL/rcs2/xorop.vhd \
      PB ieee/std_logic_1164 1381692176
AR work/xorop/Behavioral 1549299341 \
      FL /home/ck/Documents/Master_TUM/WS_1819/VHDL/rcs2/xorop.vhd EN work/xorop 1549299340
