EN rxcver NULL /home/ck/Documents/Master_TUM/WS_1819/VHDL/rcs1/rxcver.vhd sub00/vhpl20 1545053567
AR idea_com_inner behavioral /home/ck/Documents/Master_TUM/WS_1819/VHDL/rcs1/idea_com_inner.vhd sub00/vhpl29 1545053576
AR clk_div behavioral /home/ck/Documents/Master_TUM/WS_1819/VHDL/rcs1/clk_div.vhd sub00/vhpl27 1545053574
AR addop behavioral /home/ck/Documents/Master_TUM/WS_1819/VHDL/rcs1/addop.vhd sub00/vhpl03 1545053550
EN mulop NULL /home/ck/Documents/Master_TUM/WS_1819/VHDL/rcs1/mulop.vhd sub00/vhpl00 1545053547
EN trafo NULL /home/ck/Documents/Master_TUM/WS_1819/VHDL/rcs1/trafo.vhd sub00/vhpl16 1545053563
AR keygen structural /home/ck/Documents/Master_TUM/WS_1819/VHDL/rcs1/keygen.vhd sub00/vhpl09 1545053556
EN addop NULL /home/ck/Documents/Master_TUM/WS_1819/VHDL/rcs1/addop.vhd sub00/vhpl02 1545053549
EN mux2x1 NULL /home/ck/Documents/Master_TUM/WS_1819/VHDL/rcs1/mux2x1.vhd sub00/vhpl10 1545053557
AR trafo behavioral /home/ck/Documents/Master_TUM/WS_1819/VHDL/rcs1/trafo.vhd sub00/vhpl17 1545053564
EN idea_com NULL /home/ck/Documents/Master_TUM/WS_1819/VHDL/rcs1/idea_com.vhd sub00/vhpl30 1545053577
AR reg structural /home/ck/Documents/Master_TUM/WS_1819/VHDL/rcs1/reg.vhd sub00/vhpl15 1545053562
EN keygen NULL /home/ck/Documents/Master_TUM/WS_1819/VHDL/rcs1/keygen.vhd sub00/vhpl08 1545053555
AR uart behavior /home/ck/Documents/Master_TUM/WS_1819/VHDL/rcs1/uart.vhd sub00/vhpl23 1545053570
AR rxcver behavior /home/ck/Documents/Master_TUM/WS_1819/VHDL/rcs1/rxcver.vhd sub00/vhpl21 1545053568
AR txmit behavior /home/ck/Documents/Master_TUM/WS_1819/VHDL/rcs1/txmit.vhd sub00/vhpl19 1545053566
EN round NULL /home/ck/Documents/Master_TUM/WS_1819/VHDL/rcs1/round.vhd sub00/vhpl12 1545053559
AR round structural /home/ck/Documents/Master_TUM/WS_1819/VHDL/rcs1/round.vhd sub00/vhpl13 1545053560
AR idea_com behavioral /home/ck/Documents/Master_TUM/WS_1819/VHDL/rcs1/idea_com.vhd sub00/vhpl31 1545053578
AR mux2x1 structural /home/ck/Documents/Master_TUM/WS_1819/VHDL/rcs1/mux2x1.vhd sub00/vhpl11 1545053558
EN xorop NULL /home/ck/Documents/Master_TUM/WS_1819/VHDL/rcs1/xorop.vhd sub00/vhpl04 1545053551
EN control NULL /home/ck/Documents/Master_TUM/WS_1819/VHDL/rcs1/control.vhd sub00/vhpl06 1545053553
AR mulop behavioral /home/ck/Documents/Master_TUM/WS_1819/VHDL/rcs1/mulop.vhd sub00/vhpl01 1545053548
EN txmit NULL /home/ck/Documents/Master_TUM/WS_1819/VHDL/rcs1/txmit.vhd sub00/vhpl18 1545053565
AR idea_single structural /home/ck/Documents/Master_TUM/WS_1819/VHDL/rcs1/idea_single.vhd sub00/vhpl25 1545053572
AR control behavioral /home/ck/Documents/Master_TUM/WS_1819/VHDL/rcs1/control.vhd sub00/vhpl07 1545053554
EN uart NULL /home/ck/Documents/Master_TUM/WS_1819/VHDL/rcs1/uart.vhd sub00/vhpl22 1545053569
EN reg NULL /home/ck/Documents/Master_TUM/WS_1819/VHDL/rcs1/reg.vhd sub00/vhpl14 1545053561
EN clk_div NULL /home/ck/Documents/Master_TUM/WS_1819/VHDL/rcs1/clk_div.vhd sub00/vhpl26 1545053573
AR xorop behavioral /home/ck/Documents/Master_TUM/WS_1819/VHDL/rcs1/xorop.vhd sub00/vhpl05 1545053552
EN idea_single NULL /home/ck/Documents/Master_TUM/WS_1819/VHDL/rcs1/idea_single.vhd sub00/vhpl24 1545053571
EN idea_com_inner NULL /home/ck/Documents/Master_TUM/WS_1819/VHDL/rcs1/idea_com_inner.vhd sub00/vhpl28 1545053575
