V3 63
FL /home/ck/Documents/Master_TUM/WS_1819/VHDL/rcs1/addop.vhd 2018/12/15.14:52:45 P.20131013
EN work/addop 1545053549 \
      FL /home/ck/Documents/Master_TUM/WS_1819/VHDL/rcs1/addop.vhd \
      PB ieee/std_logic_1164 1381692176 PB ieee/STD_LOGIC_UNSIGNED 1381692179 \
      PB ieee/NUMERIC_STD 1381692181
AR work/addop/Behavioral 1545053550 \
      FL /home/ck/Documents/Master_TUM/WS_1819/VHDL/rcs1/addop.vhd EN work/addop 1545053549
FL /home/ck/Documents/Master_TUM/WS_1819/VHDL/rcs1/clk_div.vhd 2018/05/30.14:29:27 P.20131013
EN work/clk_div 1545053573 \
      FL /home/ck/Documents/Master_TUM/WS_1819/VHDL/rcs1/clk_div.vhd \
      PB ieee/std_logic_1164 1381692176 PB ieee/std_logic_arith 1381692177 \
      PB ieee/STD_LOGIC_UNSIGNED 1381692179
AR work/clk_div/Behavioral 1545053574 \
      FL /home/ck/Documents/Master_TUM/WS_1819/VHDL/rcs1/clk_div.vhd \
      EN work/clk_div 1545053573
FL /home/ck/Documents/Master_TUM/WS_1819/VHDL/rcs1/control.vhd 2018/12/07.12:18:59 P.20131013
EN work/control 1545053553 \
      FL /home/ck/Documents/Master_TUM/WS_1819/VHDL/rcs1/control.vhd \
      PB ieee/std_logic_1164 1381692176 PB ieee/NUMERIC_STD 1381692181
AR work/control/Behavioral 1545053554 \
      FL /home/ck/Documents/Master_TUM/WS_1819/VHDL/rcs1/control.vhd \
      EN work/control 1545053553
FL /home/ck/Documents/Master_TUM/WS_1819/VHDL/rcs1/idea_com.vhd 2018/05/30.14:29:28 P.20131013
EN work/idea_com 1545053577 \
      FL /home/ck/Documents/Master_TUM/WS_1819/VHDL/rcs1/idea_com.vhd \
      PB ieee/std_logic_1164 1381692176 PB ieee/std_logic_arith 1381692177 \
      PB ieee/STD_LOGIC_UNSIGNED 1381692179
AR work/idea_com/Behavioral 1545053578 \
      FL /home/ck/Documents/Master_TUM/WS_1819/VHDL/rcs1/idea_com.vhd \
      EN work/idea_com 1545053577 CP clk_div CP idea_com_inner
FL /home/ck/Documents/Master_TUM/WS_1819/VHDL/rcs1/idea_com_inner.vhd 2018/05/30.14:29:27 P.20131013
EN work/idea_com_inner 1545053575 \
      FL /home/ck/Documents/Master_TUM/WS_1819/VHDL/rcs1/idea_com_inner.vhd \
      PB ieee/std_logic_1164 1381692176 PB ieee/std_logic_arith 1381692177 \
      PB ieee/STD_LOGIC_UNSIGNED 1381692179
AR work/idea_com_inner/Behavioral 1545053576 \
      FL /home/ck/Documents/Master_TUM/WS_1819/VHDL/rcs1/idea_com_inner.vhd \
      EN work/idea_com_inner 1545053575 CP uart CP idea_single CP mux2x1
FL /home/ck/Documents/Master_TUM/WS_1819/VHDL/rcs1/idea_single.vhd 2018/12/15.18:23:49 P.20131013
EN work/idea_single 1545053571 \
      FL /home/ck/Documents/Master_TUM/WS_1819/VHDL/rcs1/idea_single.vhd \
      PB ieee/std_logic_1164 1381692176
AR work/idea_single/Structural 1545053572 \
      FL /home/ck/Documents/Master_TUM/WS_1819/VHDL/rcs1/idea_single.vhd \
      EN work/idea_single 1545053571 CP control CP keygen CP mux2x1 CP round CP reg \
      CP trafo
FL /home/ck/Documents/Master_TUM/WS_1819/VHDL/rcs1/keygen.vhd 2018/12/15.23:17:23 P.20131013
EN work/keygen 1545053555 \
      FL /home/ck/Documents/Master_TUM/WS_1819/VHDL/rcs1/keygen.vhd \
      PB ieee/std_logic_1164 1381692176 PB ieee/std_logic_arith 1381692177 \
      PB ieee/STD_LOGIC_UNSIGNED 1381692179 PB ieee/NUMERIC_STD 1381692181
AR work/keygen/Structural 1545053556 \
      FL /home/ck/Documents/Master_TUM/WS_1819/VHDL/rcs1/keygen.vhd \
      EN work/keygen 1545053555
FL /home/ck/Documents/Master_TUM/WS_1819/VHDL/rcs1/mulop.vhd 2018/12/15.14:52:45 P.20131013
EN work/mulop 1545053547 \
      FL /home/ck/Documents/Master_TUM/WS_1819/VHDL/rcs1/mulop.vhd \
      PB ieee/std_logic_1164 1381692176 PB ieee/std_logic_arith 1381692177 \
      PB ieee/STD_LOGIC_UNSIGNED 1381692179 PB ieee/NUMERIC_STD 1381692181
AR work/mulop/Behavioral 1545053548 \
      FL /home/ck/Documents/Master_TUM/WS_1819/VHDL/rcs1/mulop.vhd EN work/mulop 1545053547
FL /home/ck/Documents/Master_TUM/WS_1819/VHDL/rcs1/mux2x1.vhd 2018/12/06.22:25:35 P.20131013
EN work/mux2x1 1545053557 \
      FL /home/ck/Documents/Master_TUM/WS_1819/VHDL/rcs1/mux2x1.vhd \
      PB ieee/std_logic_1164 1381692176
AR work/mux2x1/Structural 1545053558 \
      FL /home/ck/Documents/Master_TUM/WS_1819/VHDL/rcs1/mux2x1.vhd \
      EN work/mux2x1 1545053557
FL /home/ck/Documents/Master_TUM/WS_1819/VHDL/rcs1/reg.vhd 2018/12/06.22:25:32 P.20131013
EN work/reg 1545053561 FL /home/ck/Documents/Master_TUM/WS_1819/VHDL/rcs1/reg.vhd \
      PB ieee/std_logic_1164 1381692176
AR work/reg/Structural 1545053562 \
      FL /home/ck/Documents/Master_TUM/WS_1819/VHDL/rcs1/reg.vhd EN work/reg 1545053561
FL /home/ck/Documents/Master_TUM/WS_1819/VHDL/rcs1/round.vhd 2018/12/15.14:52:45 P.20131013
EN work/round 1545053559 \
      FL /home/ck/Documents/Master_TUM/WS_1819/VHDL/rcs1/round.vhd \
      PB ieee/std_logic_1164 1381692176
AR work/round/Structural 1545053560 \
      FL /home/ck/Documents/Master_TUM/WS_1819/VHDL/rcs1/round.vhd EN work/round 1545053559 \
      CP mulop CP addop CP xorop
FL /home/ck/Documents/Master_TUM/WS_1819/VHDL/rcs1/rxcver.vhd 2018/05/30.14:29:28 P.20131013
EN work/rxcver 1545053567 \
      FL /home/ck/Documents/Master_TUM/WS_1819/VHDL/rcs1/rxcver.vhd \
      PB ieee/std_logic_1164 1381692176 PB ieee/std_logic_arith 1381692177 \
      PB ieee/std_logic_misc 1381692178 PB ieee/STD_LOGIC_UNSIGNED 1381692179
AR work/rxcver/behavior 1545053568 \
      FL /home/ck/Documents/Master_TUM/WS_1819/VHDL/rcs1/rxcver.vhd \
      EN work/rxcver 1545053567
FL /home/ck/Documents/Master_TUM/WS_1819/VHDL/rcs1/trafo.vhd 2018/12/15.14:52:45 P.20131013
EN work/trafo 1545053563 \
      FL /home/ck/Documents/Master_TUM/WS_1819/VHDL/rcs1/trafo.vhd \
      PB ieee/std_logic_1164 1381692176
AR work/trafo/Behavioral 1545053564 \
      FL /home/ck/Documents/Master_TUM/WS_1819/VHDL/rcs1/trafo.vhd EN work/trafo 1545053563 \
      CP mulop CP addop
FL /home/ck/Documents/Master_TUM/WS_1819/VHDL/rcs1/txmit.vhd 2018/05/30.14:29:28 P.20131013
EN work/txmit 1545053565 \
      FL /home/ck/Documents/Master_TUM/WS_1819/VHDL/rcs1/txmit.vhd \
      PB ieee/std_logic_1164 1381692176 PB ieee/std_logic_arith 1381692177 \
      PB ieee/std_logic_misc 1381692178 PB ieee/STD_LOGIC_UNSIGNED 1381692179
AR work/txmit/behavior 1545053566 \
      FL /home/ck/Documents/Master_TUM/WS_1819/VHDL/rcs1/txmit.vhd EN work/txmit 1545053565
FL /home/ck/Documents/Master_TUM/WS_1819/VHDL/rcs1/uart.vhd 2018/05/30.14:29:27 P.20131013
EN work/uart 1545053569 \
      FL /home/ck/Documents/Master_TUM/WS_1819/VHDL/rcs1/uart.vhd \
      PB ieee/std_logic_1164 1381692176 PB ieee/std_logic_arith 1381692177 \
      PB ieee/std_logic_misc 1381692178 PB ieee/STD_LOGIC_UNSIGNED 1381692179
AR work/uart/behavior 1545053570 \
      FL /home/ck/Documents/Master_TUM/WS_1819/VHDL/rcs1/uart.vhd EN work/uart 1545053569 \
      CP txmit CP rxcver
FL /home/ck/Documents/Master_TUM/WS_1819/VHDL/rcs1/xorop.vhd 2018/12/15.14:52:45 P.20131013
EN work/xorop 1545053551 \
      FL /home/ck/Documents/Master_TUM/WS_1819/VHDL/rcs1/xorop.vhd \
      PB ieee/std_logic_1164 1381692176
AR work/xorop/Behavioral 1545053552 \
      FL /home/ck/Documents/Master_TUM/WS_1819/VHDL/rcs1/xorop.vhd EN work/xorop 1545053551
