V3 3
FL /home/ck/Documents/Master_TUM/WS_1819/VHDL/example/process_testing/testing.vhd 2019/01/14.17:40:13 P.20131013
EN work/testing 1547484018 \
      FL /home/ck/Documents/Master_TUM/WS_1819/VHDL/example/process_testing/testing.vhd \
      PB ieee/std_logic_1164 1381692176 PB ieee/STD_LOGIC_UNSIGNED 1381692179
AR work/testing/Behavioral 1547484019 \
      FL /home/ck/Documents/Master_TUM/WS_1819/VHDL/example/process_testing/testing.vhd \
      EN work/testing 1547484018
